============================= test session starts =============================
platform win32 -- Python 3.12.10, pytest-7.4.4, pluggy-1.6.0
rootdir: C:\Users\itaya\.gemini\antigravity\scratch\Sandbox\backend
configfile: pytest.ini
plugins: asyncio-0.23.3, anyio-4.8.0
asyncio: mode=Mode.AUTO
collected 10 items / 9 deselected / 1 selected

tests\test_api\test_submissions.py .                                     [100%]

======================= 1 passed, 9 deselected in 1.18s =======================
